{
  "code": "import pandas as pd\n\n# this uses about 2.5 MB\nbig = pd.DataFrame({'text': ['hello world' * 120_000]})\n\nbig.head()\n",
  "explanation": [
    {
      "type": "RuntimeErrorInChain",
      "code_step": "big.head()",
      "message": "Your total data uses 2.52 MB of memory, which exceeds the maximum of 1.00 MB that this tool supports.",
      "fragment": {
        "start": {
          "line": 0,
          "ch": 3
        },
        "end": {
          "line": 0,
          "ch": 10
        }
      }
    }
  ]
}